// Jest Snapshot v1, https://goo.gl/fbAQLP

exports[`Content Actions Create content library 1`] = `
Array [
  Object {
    "action": "createContentLibrary",
    "domain": "content",
    "requestId": 4,
    "type": "REQUEST_SUBMITTED",
  },
  Object {
    "message": "Successfully created content library 'ilibPACFbXkPSawEKi7KnfwCfb'",
    "redirect": true,
    "type": "SET_NOTIFICATION_MESSAGE",
  },
  Object {
    "action": "createContentLibrary",
    "domain": "content",
    "requestId": 4,
    "type": "REQUEST_COMPLETED",
  },
]
`;

exports[`Content Actions Get content object 1`] = `
Array [
  Object {
    "action": "getContentObject",
    "domain": "content",
    "requestId": 3,
    "type": "REQUEST_SUBMITTED",
  },
  Object {
    "contentObject": ContentObject {
      "description": undefined,
      "hash": "hq__QmZPdxKM4wyvHG4En3LoAtZ9cQE9KL2MVNsEN17etCN2cA",
      "latestVersion": Object {
        "hash": "hq__QmZPdxKM4wyvHG4En3LoAtZ9cQE9KL2MVNsEN17etCN2cA",
        "id": "iq__8WCuZpLE6JjMKbLGa5KZaj",
        "meta": Object {
          "hash": "hq__QmZPdxKM4wyvHG4En3LoAtZ9cQE9KL2MVNsEN17etCN2cA",
          "id": "iq__6D1qLem852ggNcEYcAyvgT",
          "meta": Object {
            "genre": "Animation",
            "title": "Finding Dory",
            "year": 2016,
          },
          "type": "hq__QmRDQwpgAMkc3TDsnvwmv2VSgg3zqNNFcMWKSdxxMX4QxU",
        },
        "type": "hq__QmNyWraTrgY7rSdoRaejhedd7DBazwTAPGpSVYiZZQfAHw",
      },
      "libraryId": "libraryId",
      "metadata": Object {
        "hash": "hq__QmZPdxKM4wyvHG4En3LoAtZ9cQE9KL2MVNsEN17etCN2cA",
        "id": "iq__6D1qLem852ggNcEYcAyvgT",
        "meta": Object {
          "genre": "Animation",
          "title": "Finding Dory",
          "year": 2016,
        },
        "type": "hq__QmRDQwpgAMkc3TDsnvwmv2VSgg3zqNNFcMWKSdxxMX4QxU",
      },
      "name": "Content Object",
      "objectId": "iq__8WCuZpLE6JjMKbLGa5KZaj",
      "type": "Unknown",
      "versions": undefined,
    },
    "libraryId": "libraryId",
    "type": "COMPLETED_LIST_CONTENT_OBJECT",
  },
  Object {
    "action": "getContentObject",
    "domain": "content",
    "requestId": 3,
    "type": "REQUEST_COMPLETED",
  },
]
`;

exports[`Content Actions List content libraries 1`] = `
Array [
  Object {
    "action": "listContentLibraries",
    "domain": "content",
    "requestId": 1,
    "type": "REQUEST_SUBMITTED",
  },
  Object {
    "contentLibraries": Object {
      "ilibPACFbXkPSawEKi7KnfwCfb": ContentLibrary {
        "contentObjects": Array [
          ContentObject {
            "description": undefined,
            "hash": "hq__QmZPdxKM4wyvHG4En3LoAtZ9cQE9KL2MVNsEN17etCN2cA",
            "latestVersion": Object {
              "hash": "hq__QmZPdxKM4wyvHG4En3LoAtZ9cQE9KL2MVNsEN17etCN2cA",
              "id": "iq__6D1qLem852ggNcEYcAyvgT",
              "meta": Object {
                "genre": "Animation",
                "title": "Finding Dory",
                "year": 2016,
              },
              "type": "hq__QmRDQwpgAMkc3TDsnvwmv2VSgg3zqNNFcMWKSdxxMX4QxU",
            },
            "libraryId": "ilibPACFbXkPSawEKi7KnfwCfb",
            "metadata": Object {
              "genre": "Animation",
              "title": "Finding Dory",
              "year": 2016,
            },
            "name": "Content Object",
            "objectId": "iq__6D1qLem852ggNcEYcAyvgT",
            "type": "Unknown",
            "versions": Array [
              undefined,
            ],
          },
          ContentObject {
            "description": undefined,
            "hash": "hq__QmRDQwpgAMkc3TDsnvwmv2VSgg3zqNNFcMWKSdxxMX4QxU",
            "latestVersion": Object {
              "hash": "hq__QmRDQwpgAMkc3TDsnvwmv2VSgg3zqNNFcMWKSdxxMX4QxU",
              "id": "iq__L9LkebHK3QQ7q3rWxmWs55",
              "meta": Object {
                "bitcode": "video.bc",
              },
              "type": "",
            },
            "libraryId": "ilibPACFbXkPSawEKi7KnfwCfb",
            "metadata": Object {
              "bitcode": "video.bc",
            },
            "name": "Content Object",
            "objectId": "iq__L9LkebHK3QQ7q3rWxmWs55",
            "type": "Unknown",
            "versions": Array [
              undefined,
            ],
          },
        ],
        "description": "Hit the ground running this proposal is a win-win situation which will cause a stellar paradigm shift, and produce a multi-fold increase in deliverables but value-added. Pixel pushing i don't want to drain the whole swamp, i just want to shoot some alligators but I have zero cycles for this high-level it's a simple lift and shift job we need to have a Come to Jesus meeting with Phil about his attitude I just wanted to give you a heads-up. You better eat a reality sandwich before you walk back in that boardroom design thinking. Out of scope gain traction globalize idea shower critical mass. Streamline hit the ground running, or good optics. Wiggle room screw the pooch, for powerpoint Bunny. Shoot me an email fire up your browser, deliverables draw a line in the sand, yet nail jelly to the hothouse wall, and what's the status on the deliverables for eow? for upstream selling. Value-added horsehead offer. Not enough bandwidth show pony, so if you want to motivate these clowns, try less carrot and more stick, and red flag, or who's responsible for the ask for this request?. Organic growth wheelhouse not the long pole in my tent. We're ahead of the curve on that one we're ahead of the curve on that one. Quarterly sales are at an all-time low the last person we talked to said this would be ready Q1 not the long pole in my tent. Re-inventing the wheel. This vendor is incompetent . Meeting assassin viral engagement, but blue sky but cannibalize in an ideal world and it's about managing expectations. What's the status on the deliverables for eow? meeting assassin. Guerrilla marketing race without a finish line, or cross-pollination circle back ladder up / ladder back to the strategy digital literacy. Run it up the flagpole, ping the boss and circle back. Beef up Q1. Back to the drawing-board we need to touch base off-line before we fire the new ux experience so work flows , for are there any leftovers in the kitchen?. ",
        "libraryId": "ilibPACFbXkPSawEKi7KnfwCfb",
        "name": "Content Library",
      },
    },
    "type": "COMPLETED_LIST_ALL_CONTENT",
  },
  Object {
    "action": "listContentLibraries",
    "domain": "content",
    "requestId": 1,
    "type": "REQUEST_COMPLETED",
  },
]
`;

exports[`Content Actions List content objects 1`] = `
Array [
  Object {
    "action": "listContentObjects",
    "domain": "content",
    "requestId": 2,
    "type": "REQUEST_SUBMITTED",
  },
  Object {
    "contentLibrary": ContentLibrary {
      "contentObjects": Array [
        ContentObject {
          "description": undefined,
          "hash": "hq__QmZPdxKM4wyvHG4En3LoAtZ9cQE9KL2MVNsEN17etCN2cA",
          "latestVersion": Object {
            "hash": "hq__QmZPdxKM4wyvHG4En3LoAtZ9cQE9KL2MVNsEN17etCN2cA",
            "id": "iq__6D1qLem852ggNcEYcAyvgT",
            "meta": Object {
              "genre": "Animation",
              "title": "Finding Dory",
              "year": 2016,
            },
            "type": "hq__QmRDQwpgAMkc3TDsnvwmv2VSgg3zqNNFcMWKSdxxMX4QxU",
          },
          "libraryId": "libraryId",
          "metadata": Object {
            "genre": "Animation",
            "title": "Finding Dory",
            "year": 2016,
          },
          "name": "Content Object",
          "objectId": "iq__6D1qLem852ggNcEYcAyvgT",
          "type": "Unknown",
          "versions": Array [
            undefined,
          ],
        },
        ContentObject {
          "description": undefined,
          "hash": "hq__QmRDQwpgAMkc3TDsnvwmv2VSgg3zqNNFcMWKSdxxMX4QxU",
          "latestVersion": Object {
            "hash": "hq__QmRDQwpgAMkc3TDsnvwmv2VSgg3zqNNFcMWKSdxxMX4QxU",
            "id": "iq__L9LkebHK3QQ7q3rWxmWs55",
            "meta": Object {
              "bitcode": "video.bc",
            },
            "type": "",
          },
          "libraryId": "libraryId",
          "metadata": Object {
            "bitcode": "video.bc",
          },
          "name": "Content Object",
          "objectId": "iq__L9LkebHK3QQ7q3rWxmWs55",
          "type": "Unknown",
          "versions": Array [
            undefined,
          ],
        },
      ],
      "description": "Hit the ground running this proposal is a win-win situation which will cause a stellar paradigm shift, and produce a multi-fold increase in deliverables but value-added. Pixel pushing i don't want to drain the whole swamp, i just want to shoot some alligators but I have zero cycles for this high-level it's a simple lift and shift job we need to have a Come to Jesus meeting with Phil about his attitude I just wanted to give you a heads-up. You better eat a reality sandwich before you walk back in that boardroom design thinking. Out of scope gain traction globalize idea shower critical mass. Streamline hit the ground running, or good optics. Wiggle room screw the pooch, for powerpoint Bunny. Shoot me an email fire up your browser, deliverables draw a line in the sand, yet nail jelly to the hothouse wall, and what's the status on the deliverables for eow? for upstream selling. Value-added horsehead offer. Not enough bandwidth show pony, so if you want to motivate these clowns, try less carrot and more stick, and red flag, or who's responsible for the ask for this request?. Organic growth wheelhouse not the long pole in my tent. We're ahead of the curve on that one we're ahead of the curve on that one. Quarterly sales are at an all-time low the last person we talked to said this would be ready Q1 not the long pole in my tent. Re-inventing the wheel. This vendor is incompetent . Meeting assassin viral engagement, but blue sky but cannibalize in an ideal world and it's about managing expectations. What's the status on the deliverables for eow? meeting assassin. Guerrilla marketing race without a finish line, or cross-pollination circle back ladder up / ladder back to the strategy digital literacy. Run it up the flagpole, ping the boss and circle back. Beef up Q1. Back to the drawing-board we need to touch base off-line before we fire the new ux experience so work flows , for are there any leftovers in the kitchen?. ",
      "libraryId": "libraryId",
      "name": "Content Library",
    },
    "libraryId": "libraryId",
    "type": "COMPLETED_LIST_CONTENT_LIBRARY",
  },
  Object {
    "action": "listContentObjects",
    "domain": "content",
    "requestId": 2,
    "type": "REQUEST_COMPLETED",
  },
]
`;
